$ /opt/gem5/build/RISCV/gem5.opt -d /work/results/raw/minor_64_accel_medium scripts/run_minor.py --binary gemm_accel.riscv --n 64 --mode accel_medium

Global frequency set at 1000000000000 ticks per second
gem5 Simulator System.  https://www.gem5.org
gem5 is copyrighted software; use the --copyright option for details.

gem5 version 25.1.0.0
gem5 compiled Mar 16 2026 11:40:08
gem5 started May 31 2026 18:13:30
gem5 executing on b6b1e8773f22, pid 321638
command line: /opt/gem5/build/RISCV/gem5.opt -d /work/results/raw/minor_64_accel_medium scripts/run_minor.py --binary gemm_accel.riscv --n 64 --mode accel_medium

[run data]
N=64
mode=accel_medium
tile_size=16
checksum=9624005687514185728
correct=yes

[accelerator counters]
offload_calls=16
modeled_macs=262144
transfer_bytes=147456
setup_cycles=4000
modeled_compute_cycles=16384

[cpu counters]
modeled_macs=0
residual_loop_instrs=0

[estimated energy]
energy=113592

